08-27 15:46:58.072  4767 10983 I jank_cuj_events_end_request: [9,1724744818072282000,3951095829528,3865825462691]
08-27 15:46:58.072  4767 10983 I jank_cuj_events_end_request: [66,1724744818072286000,3951095832862,3865825466024]
08-27 15:46:58.073  1629  2191 I wm_add_to_stopping: [0,50293629,org.oxycblt.auxio/.MainActivity,makeInvisible]
08-27 15:46:58.073  1629  2191 I wm_pause_activity: [0,50293629,org.oxycblt.auxio/.MainActivity,userLeaving=true,finishTransition]
08-27 15:46:58.074  1629  1669 I sysui_multi_action: [757,803,799,window_time_0,802,5]
08-27 15:46:58.074 27083 27083 I wm_on_paused_called: [50293629,org.oxycblt.auxio.MainActivity,performPause,1]
08-27 15:46:58.075  1629  1672 I wm_stop_activity: [0,50293629,org.oxycblt.auxio/.MainActivity]
08-27 15:46:58.076  1629  1673 I input_focus: [Focus request 4872011 com.android.launcher3/com.android.launcher3.uioverrides.QuickstepLauncher,reason=UpdateInputWindows]
08-27 15:46:58.077  1629  1672 I am_kill : [0,22463,com.android.systemui:screenshot,985,empty #17,155584]
08-27 15:46:58.078  1629  1672 I am_kill : [0,22463,com.android.systemui:screenshot,985,empty #17,0]
08-27 15:46:58.083  4767 10983 I jank_cuj_events_cancel_request: [67,1724744818083737000,3951107284424,3865836917639]
08-27 15:46:58.088  1629  1887 I input_focus: [Focus leaving recents_animation_input_consumer (server),reason=NOT_VISIBLE]
08-27 15:46:58.090 27083 27083 I viewroot_draw_event: [VRI[MainActivity],Not drawing due to not visible]
08-27 15:46:58.095 27083 27083 I wm_on_stop_called: [50293629,org.oxycblt.auxio.MainActivity,STOP_ACTIVITY_ITEM,4]
08-27 15:46:58.100  1629  1825 I am_proc_died: [0,22463,com.android.systemui:screenshot,985,19]
08-27 15:46:58.105  1629  1887 I input_focus: [Focus entering 4872011 com.android.launcher3/com.android.launcher3.uioverrides.QuickstepLauncher (server),reason=setFocusedWindow]
08-27 15:46:58.116  1629  1681 I am_proc_start: [0,22482,10392,com.android.systemui:screenshot,restart,com.android.systemui:screenshot]
08-27 15:46:58.136  4767 10983 I jank_cuj_events_cancel_request: [66,1724744818133619000,3951157165778,3865886798889]
08-27 15:46:58.143  1629  2455 I am_proc_bound: [0,22482,com.android.systemui:screenshot]
08-27 15:46:58.250  4767 10983 I jank_cuj_events_end_request: [25,1724744818249972000,3951273520257,3866003153576]
08-27 15:46:58.250  4767 10983 I jank_cuj_events_cancel_request: [25,1724744818249997000,3951273544320,3866003177638]
08-27 15:46:58.250  4767 10983 I jank_cuj_events_cancel_request: [67,1724744818250012000,3951273558851,3866003192013]
08-27 15:46:58.398  1629  1887 I input_interaction: Interaction with: 4872011 com.android.launcher3/com.android.launcher3.uioverrides.QuickstepLauncher (server), ab0d1f5 com.android.systemui.wallpapers.ImageWallpaper (server), [Gesture Monitor] swipe-up (server), [Gesture Monitor] edge-swipe (server), PointerEventDispatcher0 (server), 
08-27 15:46:58.399  4767 10983 I jank_cuj_events_begin_request: [25,1724744818399329000,3951422876403,3866152509826,swipe]
08-27 15:46:58.399  4767 10983 I jank_cuj_events_begin_request: [67,1724744818399394000,3951422940830,3866152574097,]
08-27 15:46:58.415  4767 10983 I jank_cuj_events_begin_request: [26,1724744818415039000,3951438586664,3866168220034,]
08-27 15:46:58.547  4767 10983 I jank_cuj_events_end_request: [26,1724744818547385000,3951570932393,3866300565763]
08-27 15:46:59.101  1629  1916 I battery_level: [99,4306,330]
08-27 15:46:59.154  1629  1692 I am_cpu  : [1,0,init,27381,30,40]
08-27 15:46:59.154  1629  1692 I am_cpu  : [11,0,rcu_preempt,27381,0,50]
08-27 15:46:59.154  1629  1692 I am_cpu  : [12,0,rcuog/0,27381,0,80]
08-27 15:46:59.154  1629  1692 I am_cpu  : [13,0,rcuop/0,27382,0,30]
08-27 15:46:59.154  1629  1692 I am_cpu  : [14,0,migration/0,27382,0,20]
08-27 15:46:59.154  1629  1692 I am_cpu  : [15,0,kworker/0:1-events,27382,0,40]
08-27 15:46:59.154  1629  1692 I am_cpu  : [17,0,cpuhp/1,3858770,0,20]
08-27 15:46:59.154  1629  1692 I am_cpu  : [18,0,migration/1,27382,0,10]
08-27 15:46:59.154  1629  1692 I am_cpu  : [22,0,rcuop/1,27381,0,30]
08-27 15:46:59.154  1629  1692 I am_cpu  : [23,0,cpuhp/2,3858768,0,10]
08-27 15:46:59.154  1629  1692 I am_cpu  : [24,0,migration/2,27381,0,10]
08-27 15:46:59.154  1629  1692 I am_cpu  : [28,0,rcuop/2,27381,0,30]
08-27 15:46:59.154  1629  1692 I am_cpu  : [30,0,migration/3,241941,0,20]
08-27 15:46:59.154  1629  1692 I am_cpu  : [34,0,rcuop/3,27381,0,10]
08-27 15:46:59.154  1629  1692 I am_cpu  : [36,0,migration/4,541396,0,10]
08-27 15:46:59.154  1629  1692 I am_cpu  : [40,0,rcuog/4,27382,0,80]
08-27 15:46:59.154  1629  1692 I am_cpu  : [41,0,rcuop/4,27382,0,40]
08-27 15:46:59.154  1629  1692 I am_cpu  : [43,0,migration/5,541395,0,10]
08-27 15:46:59.154  1629  1692 I am_cpu  : [47,0,rcuop/5,27382,0,50]
08-27 15:46:59.154  1629  1692 I am_cpu  : [49,0,migration/6,1141494,0,20]
08-27 15:46:59.154  1629  1692 I am_cpu  : [53,0,rcuop/6,27382,0,10]
08-27 15:46:59.154  1629  1692 I am_cpu  : [55,0,migration/7,266865,0,10]
08-27 15:46:59.154  1629  1692 I am_cpu  : [59,0,rcuop/7,27383,0,10]
08-27 15:46:59.154  1629  1692 I am_cpu  : [72,0,qmp_aop,27383,0,30]
08-27 15:46:59.154  1629  1692 I am_cpu  : [75,0,kcompactd0,249219,0,10]
08-27 15:46:59.154  1629  1692 I am_cpu  : [93,0,system,27384,0,40]
08-27 15:46:59.154  1629  1692 I am_cpu  : [151,0,kswapd0,266868,0,10]
08-27 15:46:59.154  1629  1692 I am_cpu  : [276,0,kgsl_worker_thr,27386,0,60]
08-27 15:46:59.154  1629  1692 I am_cpu  : [312,0,spi1,27386,0,10]
08-27 15:46:59.154  1629  1692 I am_cpu  : [326,0,irq/396-fts_ts,27387,0,130]
08-27 15:46:59.154  1629  1692 I am_cpu  : [399,0,irq/458-bq2597x,1141498,0,10]
08-27 15:46:59.154  1629  1692 I am_cpu  : [407,0,crtc_commit:129,27388,0,170]
08-27 15:46:59.154  1629  1692 I am_cpu  : [408,0,crtc_event:129,27388,0,20]
08-27 15:46:59.154  1629  1692 I am_cpu  : [543,0,ueventd,27390,70,40]
08-27 15:46:59.154  1629  1692 I am_cpu  : [600,1036,logd,27390,110,100]
08-27 15:46:59.154  1629  1692 I am_cpu  : [601,1069,lmkd,27390,0,30]
08-27 15:46:59.154  1629  1692 I am_cpu  : [602,1000,servicemanager,27390,30,20]
08-27 15:46:59.154  1629  1692 I am_cpu  : [603,1000,hwservicemanage,27390,40,0]
08-27 15:46:59.154  1629  1692 I am_cpu  : [612,1000,qseecomd,1672336,0,10]
08-27 15:46:59.154  1629  1692 I am_cpu  : [635,1000,suspend-service,27390,30,400]
08-27 15:46:59.154  1629  1692 I am_cpu  : [661,0,f2fs_ckpt-252:3,27389,0,10]
08-27 15:46:59.154  1629  1692 I am_cpu  : [665,0,android.hardwar,27389,20,20]
08-27 15:46:59.154  1629  1692 I am_cpu  : [833,0,magiskd,27389,10,10]
08-27 15:46:59.154  1629  1692 I am_cpu  : [875,0,binder:875_4,27389,0,10]
08-27 15:46:59.154  1629  1692 I am_cpu  : [876,0,main,27389,30,150]
08-27 15:46:59.154  1629  1692 I am_cpu  : [976,1000,ssgtzd,27389,0,10]
08-27 15:46:59.154  1629  1692 I am_cpu  : [977,1041,binder:977_2,27389,30,200]
08-27 15:46:59.154  1629  1692 I am_cpu  : [980,1047,android.hardwar,27388,20,20]
08-27 15:46:59.154  1629  1692 I am_cpu  : [986,1000,health@2.1-serv,27389,0,50]
08-27 15:46:59.154  1629  1692 I am_cpu  : [1012,1000,sensors@1.0-ser,27388,20,30]
08-27 15:46:59.154  1629  1692 I am_cpu  : [1013,0,usb@1.3-service,27388,20,0]
08-27 15:46:59.154  1629  1692 I am_cpu  : [1016,1013,dms@2.0-service,2795277,10,0]
08-27 15:46:59.154  1629  1692 I am_cpu  : [1035,1000,allocator-servi,27388,0,30]
08-27 15:46:59.154  1629  1692 I am_cpu  : [1036,1000,composer-servic,27388,440,210]
08-27 15:46:59.154  1629  1692 I am_cpu  : [1053,2906,qrtr-ns,27388,0,10]
08-27 15:46:59.154  1629  1692 I am_cpu  : [1065,1000,pm-service,27388,0,10]
08-27 15:46:59.154  1629  1692 I am_cpu  : [1068,1041,audioserver,27388,160,140]
08-27 15:46:59.154  1629  1692 I am_cpu  : [1076,1000,surfaceflinger,27388,1510,470]
08-27 15:46:59.155  1629  1692 I am_cpu  : [1100,2903,tftp_server,27388,0,10]
08-27 15:46:59.155  1629  1692 I am_cpu  : [1139,0,mi_thermald,27388,0,50]
08-27 15:46:59.155  1629  1692 I am_cpu  : [1281,1019,drmserver,2088398,0,10]
08-27 15:46:59.155  1629  1692 I am_cpu  : [1332,1040,mediaextractor,27388,250,140]
08-27 15:46:59.155  1629  1692 I am_cpu  : [1333,1013,mediametrics,27388,30,0]
08-27 15:46:59.155  1629  1692 I am_cpu  : [1334,1013,mediaserver,27388,100,280]
08-27 15:46:59.155  1629  1692 I am_cpu  : [1335,0,storaged,27388,0,10]
08-27 15:46:59.155  1629  1692 I am_cpu  : [1339,1000,cnd,1441538,0,10]
08-27 15:46:59.155  1629  1692 I am_cpu  : [1346,1001,netmgrd,27387,10,10]
08-27 15:46:59.155  1629  1692 I am_cpu  : [1361,1013,adsprpcd,3858730,0,10]
08-27 15:46:59.155  1629  1692 I am_cpu  : [1368,1046,binder:1368_2,27388,100,30]
08-27 15:46:59.155  1629  1692 I am_cpu  : [1396,1001,main,27388,190,30]
08-27 15:46:59.155  1629  1692 I am_cpu  : [1437,1001,main,27388,60,10]
08-27 15:46:59.155  1629  1692 I am_cpu  : [1447,1001,imsdatadaemon,27388,10,10]
08-27 15:46:59.155  1629  1692 I am_cpu  : [1482,0,msm_irqbalance,27388,0,20]
08-27 15:46:59.155  1629  1692 I am_cpu  : [1518,1000,hvdcp_opti,27388,0,60]
08-27 15:46:59.155  1629  1692 I am_cpu  : [1629,1000,system_server,27388,1940,1050]
08-27 15:46:59.155  1629  1692 I am_cpu  : [1746,0,qrtr_rx,27388,0,10]
08-27 15:46:59.155  1629  1692 I am_cpu  : [2290,0,kworker/u16:19-events_unbound,259062,0,10]
08-27 15:46:59.155  1629  1692 I am_cpu  : [2310,10392,ndroid.systemui,27388,2290,490]
08-27 15:46:59.155  1629  1692 I am_cpu  : [2411,1073,rkstack.process,27388,0,10]
08-27 15:46:59.155  1629  1692 I am_cpu  : [2487,10365,qtidataservices,27388,20,0]
08-27 15:46:59.155  1629  1692 I am_cpu  : [2550,10386,.codeaurora.ims,27388,10,0]
08-27 15:46:59.155  1629  1692 I am_cpu  : [2579,1000,eageos.settings,27387,40,290]
08-27 15:46:59.155  1629  1692 I am_cpu  : [2585,1001,m.android.phone,27387,240,50]
08-27 15:46:59.155  1629  1692 I am_cpu  : [3461,0,irq/16-90b6400.,27388,0,30]
08-27 15:46:59.155  1629  1692 I am_cpu  : [3463,0,irq/17-9091000.,27388,0,20]
08-27 15:46:59.155  1629  1692 I am_cpu  : [3531,10391,olby.daxservice,2426622,0,10]
08-27 15:46:59.155  1629  1692 I am_cpu  : [3568,0,batterysecret,266879,10,0]
08-27 15:46:59.155  1629  1692 I am_cpu  : [3577,1027,com.android.nfc,27388,0,10]
08-27 15:46:59.155  1629  1692 I am_cpu  : [3599,1000,aa.aidl.manager,27388,60,270]
08-27 15:46:59.155  1629  1692 I am_cpu  : [3642,10423,rs.media.module,27387,500,170]
08-27 15:46:59.155  1629  1692 I am_cpu  : [4156,1000,co.aospa.sense,27387,50,280]
08-27 15:46:59.155  1629  1692 I am_cpu  : [4767,0,usap64,27387,1040,220]
08-27 15:46:59.155  1629  1692 I am_cpu  : [4880,1000,prjkt.gamespace,27387,40,230]
08-27 15:46:59.155  1629  1692 I am_cpu  : [4905,10428,receiver.module,27388,10,10]
08-27 15:46:59.155  1629  1692 I am_cpu  : [6121,10408,mnirom.omnijaws,27387,0,10]
08-27 15:46:59.155  1629  1692 I am_cpu  : [8994,10434,.gms.persistent,27388,60,20]
08-27 15:46:59.155  1629  1692 I am_cpu  : [10090,10434,gle.android.gms,27388,160,40]
08-27 15:46:59.155  1629  1692 I am_cpu  : [12383,0,kworker/u16:8-events_unbound,241957,0,20]
08-27 15:46:59.155  1629  1692 I am_cpu  : [12595,0,kworker/u16:9-events_freezable_power_,27387,0,60]
08-27 15:46:59.155  1629  1692 I am_cpu  : [12689,1000,ndroid.settings,27387,20,70]
08-27 15:46:59.155  1629  1692 I am_cpu  : [16283,0,kworker/u16:7-events_unbound,27387,0,100]
08-27 15:46:59.155  1629  1692 I am_cpu  : [19795,0,kworker/1:1-events,266879,0,10]
08-27 15:46:59.155  1629  1692 I am_cpu  : [20257,0,kworker/u17:4-kgsl-events,27388,0,40]
08-27 15:46:59.155  1629  1692 I am_cpu  : [20259,0,kworker/u17:6-kgsl-events,27388,0,30]
08-27 15:46:59.155  1629  1692 I am_cpu  : [20260,0,kworker/u17:7-kgsl-events,27388,0,40]
08-27 15:46:59.155  1629  1692 I am_cpu  : [20504,0,kworker/u16:10-events_unbound,27388,0,120]
08-27 15:46:59.155  1629  1692 I am_cpu  : [20683,0,kworker/2:0-events,27388,0,10]
08-27 15:46:59.155  1629  1692 I am_cpu  : [21936,0,kworker/u16:11-memlat_wq,0,0,0]
08-27 15:46:59.155  1629  1692 I am_cpu  : [21937,0,kworker/u16:12-events_unbound,0,0,0]
08-27 15:46:59.155  1629  1692 I am_cpu  : [21938,0,kworker/u16:13-events_unbound,0,0,0]
08-27 15:46:59.155  1629  1692 I am_cpu  : [21939,0,kworker/u16:14-events_unbound,0,0,0]
08-27 15:46:59.155  1629  1692 I am_cpu  : [21940,0,kworker/u16:15-events_unbound,0,0,0]
08-27 15:46:59.155  1629  1692 I am_cpu  : [21941,0,kworker/u16:16-events_unbound,0,0,0]
08-27 15:46:59.155  1629  1692 I am_cpu  : [21942,0,kworker/u16:17-governor_msm_adreno_tz_,0,0,0]
08-27 15:46:59.155  1629  1692 I am_cpu  : [21943,0,kworker/u16:20-events_unbound,0,0,0]
08-27 15:46:59.155  1629  1692 I am_cpu  : [21944,0,kworker/u16:21-events_unbound,0,0,0]
08-27 15:46:59.155  1629  1692 I am_cpu  : [21945,0,kworker/u16:22-events_unbound,0,0,0]
08-27 15:46:59.155  1629  1692 I am_cpu  : [21946,0,kworker/u16:24-events_unbound,0,0,0]
08-27 15:46:59.155  1629  1692 I am_cpu  : [21947,0,kworker/u16:25-events_power_efficient,0,0,0]
08-27 15:46:59.155  1629  1692 I am_cpu  : [21948,0,kworker/u16:26-events_power_efficient,0,0,0]
08-27 15:46:59.155  1629  1692 I am_cpu  : [21949,0,kworker/u16:27,0,0,0]
08-27 15:46:59.155  1629  1692 I am_cpu  : [21950,0,kworker/4:3-events,0,0,0]
08-27 15:46:59.155  1629  1692 I am_cpu  : [21951,0,kworker/7:5-events,0,0,0]
08-27 15:46:59.155  1629  1692 I am_cpu  : [21953,0,kworker/7:6-events,0,0,0]
08-27 15:46:59.155  1629  1692 I am_cpu  : [21955,0,kworker/4:5-events,0,0,0]
08-27 15:46:59.155  1629  1692 I am_cpu  : [21974,0,kworker/5:3-events,0,0,0]
08-27 15:46:59.155  1629  1692 I am_cpu  : [21976,0,kworker/6:2-pm,0,0,0]
08-27 15:46:59.155  1629  1692 I am_cpu  : [21977,0,dsi_err_workq,0,0,0]
08-27 15:46:59.155  1629  1692 I am_cpu  : [22038,0,kworker/1:3,0,0,0]
08-27 15:46:59.155  1629  1692 I am_cpu  : [22067,0,kworker/6:4,0,0,0]
08-27 15:46:59.155  1629  1692 I am_cpu  : [22385,1001,imsrcsd,0,0,0]
08-27 15:46:59.155  1629  1692 I am_cpu  : [22482,10392,emui:screenshot,0,0,0]
08-27 15:46:59.155  1629  1692 I am_cpu  : [25433,0,kworker/3:3-events,27388,0,10]
08-27 15:46:59.155  1629  1692 I am_cpu  : [25755,0,kworker/2:3,27388,0,10]
08-27 15:46:59.155  1629  1692 I am_cpu  : [27083,0,usap64,1741601,4230,850]
08-27 15:46:59.155  1629  1692 I am_cpu  : [31890,0,kworker/1:0,27389,0,10]
08-27 15:46:59.212  4767 10983 I jank_cuj_events_begin_request: [25,1724744819211650000,3952235198174,3866964831701,swipe]
08-27 15:46:59.212  4767 10983 I jank_cuj_events_begin_request: [67,1724744819211888000,3952235436299,3866965069982,]
08-27 15:46:59.271  4767 10983 I jank_cuj_events_cancel_request: [25,1724744819270985000,3952294532913,3867024166336]
08-27 15:46:59.271  4767 10983 I jank_cuj_events_cancel_request: [67,1724744819271058000,3952294605882,3867024239149]
08-27 15:46:59.291  1629  1667 I wm_task_created: 53
08-27 15:46:59.293  1629  1667 I wm_task_moved: [53,53,0,1,7]
08-27 15:46:59.293  1629  1667 I wm_task_to_front: [0,53,0]
08-27 15:46:59.293  1629  1667 I wm_create_task: [0,53,53,0]
08-27 15:46:59.293  1629  1667 I wm_create_activity: [0,196640999,53,com.pittvandewitt.wavelet/.MainActivity,android.intent.action.MAIN,NULL,NULL,270532608]
08-27 15:46:59.293  1629  1667 I wm_task_moved: [53,53,0,1,7]
08-27 15:46:59.294  1629  1667 I wm_pause_activity: [0,111926928,com.android.launcher3/.uioverrides.QuickstepLauncher,userLeaving=true,pauseBackTasks]
08-27 15:46:59.296  4767  4767 I wm_on_top_resumed_lost_called: [111926928,com.android.launcher3.uioverrides.QuickstepLauncher,topStateChangedWhenResumed]
08-27 15:46:59.296  4767  4767 I wm_on_paused_called: [111926928,com.android.launcher3.uioverrides.QuickstepLauncher,performPause,0]
08-27 15:46:59.298  1629  8791 I wm_add_to_stopping: [0,111926928,com.android.launcher3/.uioverrides.QuickstepLauncher,makeInvisible]
08-27 15:46:59.299  1629  1669 I sysui_multi_action: [757,803,799,window_time_0,802,1]
08-27 15:46:59.300  1629  1672 I am_uid_running: 10484
08-27 15:46:59.304  1629  1672 I am_kill : [0,22482,com.android.systemui:screenshot,985,empty #17,158472]
08-27 15:46:59.305  1629  1681 I am_proc_start: [0,27084,10484,com.pittvandewitt.wavelet,next-top-activity,{com.pittvandewitt.wavelet/com.pittvandewitt.wavelet.MainActivity}]
08-27 15:46:59.315  2310  2523 I viewroot_draw_event: [VRI[wavelet],reportDrawFinished seqId=0]
08-27 15:46:59.325  4767 10983 I jank_cuj_events_begin_request: [8,1724744819325176000,3952348722809,3867078355919,]
08-27 15:46:59.328  1629  1887 I input_focus: [Focus leaving 4872011 com.android.launcher3/com.android.launcher3.uioverrides.QuickstepLauncher (server),reason=NO_WINDOW]
08-27 15:46:59.329  1629  8791 I am_proc_bound: [0,27084,com.pittvandewitt.wavelet]
08-27 15:46:59.331  1629  8791 I am_uid_active: 10484
08-27 15:46:59.332  1629  7343 I am_proc_died: [0,22482,com.android.systemui:screenshot,985,19]
08-27 15:46:59.344  1629  1681 I am_proc_start: [0,22526,10392,com.android.systemui:screenshot,restart,com.android.systemui:screenshot]
08-27 15:46:59.362  1629  2680 I wm_restart_activity: [0,196640999,53,com.pittvandewitt.wavelet/.MainActivity]
08-27 15:46:59.363  1629  2680 I wm_set_resumed_activity: [0,com.pittvandewitt.wavelet/.MainActivity,minimalResumeActivityLocked - onActivityStateChanged]
08-27 15:46:59.367  1629  2680 I am_proc_bound: [0,22526,com.android.systemui:screenshot]
08-27 15:46:59.442 27084 27084 I wm_on_create_called: [196640999,com.pittvandewitt.wavelet.MainActivity,performCreate,69]
08-27 15:46:59.446 27084 27084 I wm_on_start_called: [196640999,com.pittvandewitt.wavelet.MainActivity,handleStartActivity,3]
08-27 15:46:59.449 27084 27084 I wm_on_resume_called: [196640999,com.pittvandewitt.wavelet.MainActivity,RESUME_ACTIVITY,0]
08-27 15:46:59.484 27084 27084 I wm_on_top_resumed_gained_called: [196640999,com.pittvandewitt.wavelet.MainActivity,topStateChangedWhenResumed]
08-27 15:46:59.495  1629  1673 I input_focus: [Focus request 10659d8 com.pittvandewitt.wavelet/com.pittvandewitt.wavelet.MainActivity,reason=UpdateInputWindows]
08-27 15:46:59.510  1629  1868 I am_freeze: [22526,com.android.systemui:screenshot]
08-27 15:46:59.511  1629  1868 I am_compact: [22526,com.android.systemui:screenshot,ANON,156248,96104,58284,7512,0,0,0,0,1,FULL,3857133,905,19,0,0]
08-27 15:46:59.544 27084 27084 I viewroot_draw_event: [VRI[MainActivity],reportDrawFinished seqId=0]
08-27 15:46:59.546  2310  2481 I jank_cuj_events_begin_request: [39,1724744819546190000,3952569736924,3867299370034,]
08-27 15:46:59.547  1629  1669 I sysui_multi_action: [319,41,321,38,322,268,325,3867,757,761,758,7,759,1,806,com.pittvandewitt.wavelet,871,com.pittvandewitt.wavelet.MainActivity,904,com.android.launcher3,905,0,945,52,1320,4,1321,4]
08-27 15:46:59.547  1629  1669 I wm_activity_launch_time: [0,196640999,com.pittvandewitt.wavelet/.MainActivity,268]
08-27 15:46:59.561  1629  1681 I am_proc_start: [0,22571,10484,com.pittvandewitt.wavelet:service,service,{com.pittvandewitt.wavelet/com.pittvandewitt.wavelet.service.WaveletService}]
08-27 15:46:59.568  1629  1672 I am_kill : [0,22526,com.android.systemui:screenshot,985,empty #17,156248]
08-27 15:46:59.579  1629  1887 I input_focus: [Focus entering 10659d8 com.pittvandewitt.wavelet/com.pittvandewitt.wavelet.MainActivity (server),reason=Window became focusable. Previous reason: NOT_VISIBLE]
08-27 15:46:59.584  1629  7343 I am_proc_bound: [0,22571,com.pittvandewitt.wavelet:service]
08-27 15:46:59.598  1629  2680 I am_proc_died: [0,22526,com.android.systemui:screenshot,985,19]
08-27 15:46:59.612  1629  1681 I am_proc_start: [0,22595,10392,com.android.systemui:screenshot,restart,com.android.systemui:screenshot]
08-27 15:46:59.637  1629  7343 I am_proc_bound: [0,22595,com.android.systemui:screenshot]
08-27 15:46:59.666  1629  2680 I sysui_multi_action: [757,856,758,1,806,com.pittvandewitt.wavelet,857,wavelet_service,858,2]
08-27 15:46:59.667  1629  2680 I am_foreground_service_start: [0,com.pittvandewitt.wavelet/.service.WaveletService,1,PROC_STATE_TOP,34,34,0,0,0,1,UNKNOWN,1073741824]
08-27 15:46:59.853  4767 10983 I jank_cuj_events_end_request: [8,1724744819853277000,3952876823851,3867606457013]
08-27 15:46:59.856  1629  1672 I wm_stop_activity: [0,111926928,com.android.launcher3/.uioverrides.QuickstepLauncher]
08-27 15:46:59.858  1629  1672 I am_kill : [0,22595,com.android.systemui:screenshot,985,empty #17,158884]
08-27 15:46:59.871  1629  1667 I wm_wallpaper_surface: [0,0,null]
08-27 15:46:59.875  4767  4767 I viewroot_draw_event: [VRI[QuickstepLauncher],Not drawing due to not visible]
08-27 15:46:59.876  4767  4767 I wm_on_stop_called: [111926928,com.android.launcher3.uioverrides.QuickstepLauncher,STOP_ACTIVITY_ITEM,1]
08-27 15:46:59.878  1629  2680 I am_proc_died: [0,22595,com.android.systemui:screenshot,985,19]
08-27 15:46:59.895  1629  1681 I am_proc_start: [0,22633,10392,com.android.systemui:screenshot,restart,com.android.systemui:screenshot]
08-27 15:46:59.919  2310  2481 I jank_cuj_events_end_request: [39,1724744819919699000,3952943245882,3867672878992]
08-27 15:46:59.921  2310  2523 I viewroot_draw_event: [VRI[wavelet],Not drawing due to not visible]
08-27 15:46:59.923  1629  1671 I commit_sys_config_file: [notification-policy,6]
08-27 15:46:59.931  1629  1667 I am_proc_bound: [0,22633,com.android.systemui:screenshot]
08-27 15:47:00.236  1629  1868 I am_freeze: [4905,com.android.cellbroadcastreceiver.module]
08-27 15:47:00.237  1629  1868 I am_freeze: [22633,com.android.systemui:screenshot]
08-27 15:47:02.132  1629  1887 I input_interaction: Interaction with: 10659d8 com.pittvandewitt.wavelet/com.pittvandewitt.wavelet.MainActivity (server), PointerEventDispatcher0 (server), 
08-27 15:47:02.146  1629  2151 I volume_changed: [3,8,7,25,android]
08-27 15:47:02.148  2310  3032 I sysui_multi_action: [757,210,758,4,759,3]
08-27 15:47:02.151  2310  3032 I sysui_multi_action: [757,211,758,4,759,3]
08-27 15:47:02.160  2310  2310 I sysui_multi_action: [757,207,758,1]
08-27 15:47:02.160  2310  2310 I sysui_multi_action: [757,804,799,volume_from_keyguard,801,0,802,1]
08-27 15:47:02.177  2310  2310 I viewroot_draw_event: [VRI[VolumeDialogImpl],reportDrawFinished seqId=0]
08-27 15:47:02.177  2310  2481 I jank_cuj_events_begin_request: [55,1724744822177747000,3955201293850,3869930926960,show]
08-27 15:47:02.499  2310  2481 I jank_cuj_events_end_request: [55,1724744822499149000,3955522696610,3870252329929]
08-27 15:47:02.855  1629  1858 I commit_sys_config_file: [settings-1-0,3]
08-27 15:47:03.175  1629  1734 I commit_sys_config_file: [package-user-0,7]
08-27 15:47:04.454  1447  1447 I liblog  : 31
08-27 15:47:05.154  2310  2310 I sysui_multi_action: [757,207,758,2]
08-27 15:47:05.154  2310  2481 I jank_cuj_events_begin_request: [55,1724744825154709000,3958178257703,3872907890969,dismiss]
08-27 15:47:05.384  1629  1667 I am_kill : [0,22633,com.android.systemui:screenshot,905,empty #17,156704]
08-27 15:47:05.386  1629  2680 I am_kill : [0,22633,com.android.systemui:screenshot,905,empty #17,0]
08-27 15:47:05.387  1629  2680 I am_kill : [0,22633,com.android.systemui:screenshot,905,empty #17,0]
08-27 15:47:05.387  1629  2680 I am_kill : [0,22633,com.android.systemui:screenshot,905,empty #17,0]
08-27 15:47:05.389  1629  2680 I am_kill : [0,22633,com.android.systemui:screenshot,905,empty #17,0]
08-27 15:47:05.414  1629  2680 I am_proc_died: [0,22633,com.android.systemui:screenshot,905,19]
08-27 15:47:05.422  1629  1681 I am_proc_start: [0,22675,10392,com.android.systemui:screenshot,restart,com.android.systemui:screenshot]
08-27 15:47:05.425  2310  2481 I jank_cuj_events_end_request: [55,1724744825425876000,3958449428171,3873179061594]
08-27 15:47:05.432  1629  1679 I am_pss  : [27083,10440,org.oxycblt.auxio,125737984,117276672,119808,271228928,0,4,16]
08-27 15:47:05.462  1629  1667 I am_proc_bound: [0,22675,com.android.systemui:screenshot]
08-27 15:47:05.476  2310  3032 I sysui_multi_action: [757,210,758,4,759,-1]
08-27 15:47:07.079  1629  1868 I am_freeze: [22675,com.android.systemui:screenshot]
08-27 15:47:07.998  1629  1887 I input_interaction: Interaction with: 10659d8 com.pittvandewitt.wavelet/com.pittvandewitt.wavelet.MainActivity (server), [Gesture Monitor] swipe-up (server), [Gesture Monitor] edge-swipe (server), PointerEventDispatcher0 (server), 
08-27 15:47:08.010  1629  7343 I wm_task_moved: [1,1,0,1,7]
08-27 15:47:08.011  1629  7343 I wm_task_moved: [16,1,0,1,2147483647]
08-27 15:47:08.011  1629  7343 I wm_task_to_front: [0,16,0]
08-27 15:47:08.011  1629  7343 I wm_focused_root_task: [0,0,1,-1,startExistingRecents]
08-27 15:47:08.011  1629  1672 I am_kill : [0,22675,com.android.systemui:screenshot,905,empty #17,158020]
08-27 15:47:08.012  1629  7343 I wm_set_resumed_activity: [0,com.android.launcher3/.uioverrides.QuickstepLauncher,resumeTopActivity - onActivityStateChanged]
08-27 15:47:08.012  1629  7343 I wm_resume_activity: [0,111926928,16,com.android.launcher3/.uioverrides.QuickstepLauncher]
08-27 15:47:08.014 27084 27084 I wm_on_top_resumed_lost_called: [196640999,com.pittvandewitt.wavelet.MainActivity,topStateChangedWhenResumed]
08-27 15:47:08.018  1629  1843 I am_kill : [0,22675,com.android.systemui:screenshot,905,empty #17,0]
08-27 15:47:08.018  1629  1868 I am_unfreeze: [14735,tw.nekomimi.nekogram,6]
08-27 15:47:08.018  1629  1868 I am_unfreeze: [26077,com.android.vending,6]
08-27 15:47:08.019  1629  1680 I am_kill : [0,22675,com.android.systemui:screenshot,905,empty #17,0]
08-27 15:47:08.021  4767  4767 I wm_on_restart_called: [111926928,com.android.launcher3.uioverrides.QuickstepLauncher,performRestart,0]
08-27 15:47:08.023  4767  4767 I wm_on_start_called: [111926928,com.android.launcher3.uioverrides.QuickstepLauncher,handleStartActivity,2]
08-27 15:47:08.027  4767  4767 I wm_on_resume_called: [111926928,com.android.launcher3.uioverrides.QuickstepLauncher,RESUME_ACTIVITY,4]
08-27 15:47:08.027  4767  4767 I wm_on_top_resumed_gained_called: [111926928,com.android.launcher3.uioverrides.QuickstepLauncher,topStateChangedWhenResumed]
08-27 15:47:08.035  1629  1667 I am_proc_died: [0,22675,com.android.systemui:screenshot,905,19]
08-27 15:47:08.041  4767 10983 I jank_cuj_events_end_request: [65,1724744828041886000,3961065432962,3875795066072]
08-27 15:47:08.042  4767  4767 I viewroot_draw_event: [VRI[QuickstepLauncher],Start draw after previous draw not visible]
08-27 15:47:08.043  1629  1681 I am_proc_start: [0,22695,10392,com.android.systemui:screenshot,restart,com.android.systemui:screenshot]
08-27 15:47:08.045  4767  4767 I viewroot_draw_event: [VRI[QuickstepLauncher],reportDrawFinished seqId=6]
08-27 15:47:08.046  1629  1673 I wm_wallpaper_surface: [0,1,Window{4872011 u0 com.android.launcher3/com.android.launcher3.uioverrides.QuickstepLauncher}]
08-27 15:47:08.052  1629  1669 I sysui_multi_action: [319,38,322,36,325,3875,757,761,758,9,759,5,806,com.android.launcher3,871,com.android.launcher3.uioverrides.QuickstepLauncher,905,0,1320,9,1321,23]
08-27 15:47:08.069  1629  1667 I input_cancel: [10659d8 com.pittvandewitt.wavelet/com.pittvandewitt.wavelet.MainActivity (server),reason=input channel stole pointer stream]
08-27 15:47:08.069  1629  1667 I input_cancel: [[Gesture Monitor] edge-swipe (server),reason=input channel stole pointer stream]
08-27 15:47:08.069 27084 27084 I view_enqueue_input_event: [Motion - Cancel,com.pittvandewitt.wavelet/com.pittvandewitt.wavelet.MainActivity]
08-27 15:47:08.071  1629  1887 I input_interaction: Interaction with: [Gesture Monitor] swipe-up (server), PointerEventDispatcher0 (server), 
08-27 15:47:08.072  4767 10983 I jank_cuj_events_begin_request: [11,1724744828071966000,3961095513066,3875825146593,]
08-27 15:47:08.072  4767 10983 I jank_cuj_events_begin_request: [9,1724744828072056000,3961095602858,3875825236072,]
08-27 15:47:08.072  4767 10983 I jank_cuj_events_begin_request: [66,1724744828072115000,3961095662025,3875825295239,]
08-27 15:47:08.075  1629  2235 I am_proc_bound: [0,22695,com.android.systemui:screenshot]
08-27 15:47:08.079  1629  8791 I wm_set_resumed_activity: [0,com.android.launcher3/.uioverrides.QuickstepLauncher,setFocusedTask-alreadyTop]
08-27 15:47:08.080  1629  1673 I input_focus: [Focus request recents_animation_input_consumer,reason=UpdateInputWindows]
08-27 15:47:08.087  4767 10983 I jank_cuj_events_begin_request: [65,1724744828087458000,3961111005462,3875840638728,]
08-27 15:47:08.110  1629  1887 I input_focus: [Focus leaving 10659d8 com.pittvandewitt.wavelet/com.pittvandewitt.wavelet.MainActivity (server),reason=setFocusedWindow]
08-27 15:47:08.110  1629  1887 I input_focus: [Focus entering recents_animation_input_consumer (server),reason=setFocusedWindow]
08-27 15:47:08.145  4767 10983 I jank_cuj_events_end_request: [65,1724744828145785000,3961169332389,3875898965708]
08-27 15:47:08.233  2585  2775 D RILJ    : [UNSL]< UNSOL_DATA_CALL_LIST_CHANGED [{.cause = NONE, .suggestedRetryTime = -1, .cid = 0, .active = ACTIVE, .type = IP, .ifname = rmnet_data1, .addresses = [{.address = 10.119.141.43/29, .properties = NONE, .deprecationTime = -1, .expirationTime = -1}], .dnses = [121.54.70.142, 121.54.70.141], .gateways = [10.119.141.44], .pcscf = [], .mtuV4 = 1410, .mtuV6 = 0}, {.cause = NONE, .suggestedRetryTime = -1, .cid = 1, .active = DORMANT, .type = IPV6, .ifname = rmnet_data2, .addresses = [{.address = 2404:d800:5e1c:efbd:fd31:4088:e9e5:2ef7/64, .properties = NONE, .deprecationTime = -1, .expirationTime = -1}], .dnses = [], .gateways = [fe80:0000:0000:0000:1d8f:9395:8a55:deda], .pcscf = [2404:d800:12a0:f::6, 2404:d800:32a0:8::6], .mtuV4 = 0, .mtuV6 = 1410}] [PHONE0]
08-27 15:47:08.234  2585  2585 D DN-100-C: ConnectedState: onDataStateChanged: DataCallResponse: { cause=NONE(0x0) retry=-1 cid=0 linkStatus=2 protocolType=0 ifname=rmnet_data1 addresses=[10.119.141.43/29] dnses=[/121.54.70.142, /121.54.70.141] gateways=[/10.119.141.44] pcscf=[] mtu=1410 mtuV4=1410 mtuV6=0 handoverFailureMode=legacy pduSessionId=0 defaultQos=null qosBearerSessions=[] sliceInfo=null trafficDescriptors=[] networkValidationStatus=unsupported}
08-27 15:47:08.234  2585  2585 D DN-100-C: ConnectedState: Link status updated to ACTIVE
08-27 15:47:08.235  2585  2775 D RILJ    : [UNSL]< UNSOL_DATA_CALL_LIST_CHANGED [{.cause = NONE, .suggestedRetryTime = -1, .cid = 0, .active = ACTIVE, .type = IP, .ifname = rmnet_data1, .addresses = [{.address = 10.119.141.43/29, .properties = NONE, .deprecationTime = -1, .expirationTime = -1}], .dnses = [121.54.70.142, 121.54.70.141], .gateways = [10.119.141.44], .pcscf = [], .mtuV4 = 1410, .mtuV6 = 0}, {.cause = NONE, .suggestedRetryTime = -1, .cid = 1, .active = ACTIVE, .type = IPV6, .ifname = rmnet_data2, .addresses = [{.address = 2404:d800:5e1c:efbd:fd31:4088:e9e5:2ef7/64, .properties = NONE, .deprecationTime = -1, .expirationTime = -1}], .dnses = [], .gateways = [fe80:0000:0000:0000:1d8f:9395:8a55:deda], .pcscf = [2404:d800:12a0:f::6, 2404:d800:32a0:8::6], .mtuV4 = 0, .mtuV6 = 1410}] [PHONE0]
08-27 15:47:08.235  2585  2585 D DN-100-C: ConnectedState: updateNetworkCapabilities: Capabilities not changed.
08-27 15:47:08.236  2585  2585 D DNC-0   : Internet link status changed to ACTIVE
08-27 15:47:08.236  2585  2585 D QOSCT-100: updateSessions: sessions size=0
08-27 15:47:08.237  2585  2585 D DN-102-C: ConnectedState: onDataStateChanged: DataCallResponse: { cause=NONE(0x0) retry=-1 cid=1 linkStatus=2 protocolType=1 ifname=rmnet_data2 addresses=[2404:d800:5e1c:efbd:fd31:4088:e9e5:2ef7/64] dnses=[] gateways=[/fe80::1d8f:9395:8a55:deda] pcscf=[/2404:d800:12a0:f::6, /2404:d800:32a0:8::6] mtu=1410 mtuV4=0 mtuV6=1410 handoverFailureMode=legacy pduSessionId=0 defaultQos=null qosBearerSessions=[] sliceInfo=null trafficDescriptors=[] networkValidationStatus=unsupported}
08-27 15:47:08.237  2585  2585 D DN-102-C: ConnectedState: Link status updated to ACTIVE
08-27 15:47:08.237  2585  2585 E DN-102-C: ConnectedState: Empty dns response
08-27 15:47:08.237  2585  2585 D DN-102-C: ConnectedState: updateNetworkCapabilities: dsri=android.telephony.DataSpecificRegistrationInfo :{ maxDataCalls = 16 isDcNrRestricted = false isNrAvailable = true isEnDcAvailable = true mLteAttachResultType = 0 mLteAttachExtraInfo = 0 LteVopsSupportInfo :  mVopsSupport = 2 mEmcBearerSupport = 3 }
08-27 15:47:08.238  2585  2585 D DN-102-C: ConnectedState: updateNetworkCapabilities: Capabilities not changed.
08-27 15:47:08.238  2585  2585 D QOSCT-102: updateSessions: sessions size=0
08-27 15:47:08.238  2585  2585 D NetworkTypeController: [0] IdleState: process EVENT_PHYSICAL_LINK_STATUS_CHANGED
08-27 15:47:08.239  2585  2585 D NetworkTypeController: [0] Transition with primary timer from not_restricted_rrc_idle to not_restricted_rrc_con
08-27 15:47:08.239  2585  2585 D NetworkTypeController: [0] Entering LteConnectedState
08-27 15:47:08.254  1629  1868 I am_freeze: [22695,com.android.systemui:screenshot]
08-27 15:47:08.506  2585  2955 D ANM-0   : onQualifiedNetworkTypesChanged: apnTypes = [supl,hipri,default], networks = [NGRAN]
08-27 15:47:08.545  2585  2775 D RILJ    : Unsol response received; Sending ack to ril.cpp [PHONE0]
08-27 15:47:08.545  2585  2775 D RILJ    : [UNSL]< UNSOL_RESPONSE_NETWORK_STATE_CHANGED [PHONE0]
08-27 15:47:08.545  2585  3093 D NRM-C-0 : onNetworkStateChanged
08-27 15:47:08.546  2585  2585 D SST     : [0] pollState: modemTriggered=true, radioState=1
08-27 15:47:08.546  2585  2775 D RILJ    : [UNSL]< UNSOL_PHYSICAL_CHANNEL_CONFIG [{mConnectionStatus=PrimaryServing,mCellBandwidthDownlinkKhz=15000,mCellBandwidthUplinkKhz=0,mNetworkType=LTE_CA,mFrequencyRange=MID,mDownlinkChannelNumber=2147483647,mUplinkChannelNumber=2147483647,mContextIds=[0, 1],mPhysicalCellId=47,mBand=0,mDownlinkFrequency=0,mUplinkFrequency=0}] [PHONE0]
08-27 15:47:08.547  2585  2585 D RILJ    : [6399]> OPERATOR [PHONE0]
08-27 15:47:08.547  2585  3093 D RILJ    : [6400]> DATA_REGISTRATION_STATE [PHONE0]
08-27 15:47:08.547  2585  3093 D RILJ    : getDataRegistrationState: overrideHalVersion=null [PHONE0]
08-27 15:47:08.548  1396  1557 D RILC    : RadioImpl_1_5::getDataRegistrationState_1_5: serial 6400
08-27 15:47:08.548  2585  2585 D RILJ    : [6401]> QUERY_NETWORK_SELECTION_MODE [PHONE0]
08-27 15:47:08.549  2585  3093 D RILJ    : [6402]> VOICE_REGISTRATION_STATE [PHONE0]
08-27 15:47:08.549  2585  3093 D RILJ    : getVoiceRegistrationState: overrideHalVersion=null [PHONE0]
08-27 15:47:08.549  1396  1557 D RILC    : RadioImpl_1_5::getVoiceRegistrationState_1_5: serial 6402
08-27 15:47:08.549  2585  2955 D NRM-I-0 : onRequestNetworkRegistrationInfoComplete result: 0, info: NetworkRegistrationInfo{ domain=PS transportType=WLAN registrationState=NOT_REG_OR_SEARCHING networkRegistrationState=NOT_REG_OR_SEARCHING roamingType=NOT_ROAMING accessNetworkTechnology=IWLAN rejectCause=0 emergencyEnabled=false availableServices=[] cellIdentity=null voiceSpecificInfo=null dataSpecificInfo=null nrState=**** rRplmn= isUsingCarrierAggregation=false isNonTerrestrialNetwork=TERRESTRIAL}
08-27 15:47:08.549  2585  2585 D NetworkTypeController: [0] LteConnectedState: process EVENT_PHYSICAL_CHANNEL_CONFIGS_CHANGED
08-27 15:47:08.549  2585  2585 D NetworkTypeController: [0] Ignoring physical channel config fields without an anchor NR cell, either due to LTE-only configs or an unspecified cell ID.
08-27 15:47:08.549  2585  2585 D NetworkTypeController: [0] Physical channel configs updated: anchorNrCell=-1, nrBandwidths=0, nrBands=[], configs=[{mConnectionStatus=PrimaryServing,mCellBandwidthDownlinkKhz=15000,mCellBandwidthUplinkKhz=0,mNetworkType=LTE_CA,mFrequencyRange=MID,mDownlinkChannelNumber=2147483647,mUplinkChannelNumber=2147483647,mContextIds=[0, 1],mPhysicalCellId=47,mBand=0,mDownlinkFrequency=0,mUplinkFrequency=0}]
08-27 15:47:08.549  2585  2585 D SST     : [0] handlePollStateResultMessage: PS IWLAN. NetworkRegistrationInfo{ domain=PS transportType=WLAN registrationState=NOT_REG_OR_SEARCHING networkRegistrationState=NOT_REG_OR_SEARCHING roamingType=NOT_ROAMING accessNetworkTechnology=IWLAN rejectCause=0 emergencyEnabled=false availableServices=[] cellIdentity=null voiceSpecificInfo=null dataSpecificInfo=null nrState=**** rRplmn= isUsingCarrierAggregation=false isNonTerrestrialNetwork=TERRESTRIAL}
08-27 15:47:08.568  4767 10983 I jank_cuj_events_cancel_request: [11,1724744828568116000,3961591663847,3876321297218]
08-27 15:47:08.568  4767 10983 I jank_cuj_events_cancel_request: [66,1724744828568155000,3961591702181,3876321335447]
08-27 15:47:08.570  1629  1887 I input_interaction: Interaction with: recents_animation_input_consumer (server), [Gesture Monitor] swipe-up (server), [Gesture Monitor] edge-swipe (server), PointerEventDispatcher0 (server), 
08-27 15:47:08.572  4767 10983 I jank_cuj_events_begin_request: [25,1724744828572639000,3961596187858,3876325822270,swipe]
08-27 15:47:08.572  4767 10983 I jank_cuj_events_begin_request: [67,1724744828572823000,3961596369993,3876326003520,]
08-27 15:47:08.576  2585  2775 D RILJ    : Unsol response received; Sending ack to ril.cpp [PHONE0]
08-27 15:47:08.576  2585  2775 D RILJ    : [UNSL]< UNSOL_RESPONSE_NETWORK_STATE_CHANGED [PHONE0]
08-27 15:47:08.576  2585  3093 D NRM-C-0 : onNetworkStateChanged
08-27 15:47:08.576  2585  2585 D SST     : [0] pollState: modemTriggered=true, radioState=1
08-27 15:47:08.577  2585  2585 D RILJ    : [6404]> OPERATOR [PHONE0]
08-27 15:47:08.578  2585  3093 D RILJ    : [6405]> DATA_REGISTRATION_STATE [PHONE0]
08-27 15:47:08.578  2585  3093 D RILJ    : getDataRegistrationState: overrideHalVersion=null [PHONE0]
08-27 15:47:08.578  1396  1557 D RILC    : RadioImpl_1_5::getDataRegistrationState_1_5: serial 6405
08-27 15:47:08.578  2585  2585 D RILJ    : [6406]> QUERY_NETWORK_SELECTION_MODE [PHONE0]
08-27 15:47:08.579  2585  3093 D RILJ    : [6407]> VOICE_REGISTRATION_STATE [PHONE0]
08-27 15:47:08.579  2585  3093 D RILJ    : getVoiceRegistrationState: overrideHalVersion=null [PHONE0]
08-27 15:47:08.579  1396  1396 D RILC    : RadioImpl_1_5::getVoiceRegistrationState_1_5: serial 6407
08-27 15:47:08.579  2585  2955 D NRM-I-0 : onRequestNetworkRegistrationInfoComplete result: 0, info: NetworkRegistrationInfo{ domain=PS transportType=WLAN registrationState=NOT_REG_OR_SEARCHING networkRegistrationState=NOT_REG_OR_SEARCHING roamingType=NOT_ROAMING accessNetworkTechnology=IWLAN rejectCause=0 emergencyEnabled=false availableServices=[] cellIdentity=null voiceSpecificInfo=null dataSpecificInfo=null nrState=**** rRplmn= isUsingCarrierAggregation=false isNonTerrestrialNetwork=TERRESTRIAL}
08-27 15:47:08.579  2585  2585 D SST     : [0] handlePollStateResultMessage: PS IWLAN. NetworkRegistrationInfo{ domain=PS transportType=WLAN registrationState=NOT_REG_OR_SEARCHING networkRegistrationState=NOT_REG_OR_SEARCHING roamingType=NOT_ROAMING accessNetworkTechnology=IWLAN rejectCause=0 emergencyEnabled=false availableServices=[] cellIdentity=null voiceSpecificInfo=null dataSpecificInfo=null nrState=**** rRplmn= isUsingCarrierAggregation=false isNonTerrestrialNetwork=TERRESTRIAL}
08-27 15:47:08.584  4767 10983 I jank_cuj_events_end_request: [11,1724744828584080000,3961607627597,3876337261228]
08-27 15:47:08.584  4767 10983 I jank_cuj_events_end_request: [9,1724744828584098000,3961607645566,3876337278780]
08-27 15:47:08.584  4767 10983 I jank_cuj_events_end_request: [66,1724744828584102000,3961607649212,3876337282426]
08-27 15:47:08.586  1629  2720 I wm_add_to_stopping: [0,196640999,com.pittvandewitt.wavelet/.MainActivity,makeInvisible]
08-27 15:47:08.586  1629  2720 I wm_pause_activity: [0,196640999,com.pittvandewitt.wavelet/.MainActivity,userLeaving=true,finishTransition]
08-27 15:47:08.587  1629  1669 I sysui_multi_action: [757,803,799,window_time_0,802,9]
08-27 15:47:08.588 27084 27084 I wm_on_paused_called: [196640999,com.pittvandewitt.wavelet.MainActivity,performPause,1]
08-27 15:47:08.589  1629  1672 I wm_stop_activity: [0,196640999,com.pittvandewitt.wavelet/.MainActivity]
08-27 15:47:08.589  1629  1673 I input_focus: [Focus request 4872011 com.android.launcher3/com.android.launcher3.uioverrides.QuickstepLauncher,reason=UpdateInputWindows]
08-27 15:47:08.591  1629  1672 I am_kill : [0,22695,com.android.systemui:screenshot,985,empty #17,157940]
08-27 15:47:08.592  1629  1672 I am_kill : [0,22695,com.android.systemui:screenshot,985,empty #17,158600]
08-27 15:47:08.601  1629  1887 I input_focus: [Focus leaving recents_animation_input_consumer (server),reason=NOT_VISIBLE]
08-27 15:47:08.603  2585  2775 D RILJ    : Unsol response received; Sending ack to ril.cpp [PHONE0]
08-27 15:47:08.603  2585  2775 D RILJ    : [UNSL]< UNSOL_RESPONSE_NETWORK_STATE_CHANGED [PHONE0]
08-27 15:47:08.604  2585  3093 D NRM-C-0 : onNetworkStateChanged
08-27 15:47:08.604  2585  2585 D SST     : [0] pollState: modemTriggered=true, radioState=1
08-27 15:47:08.604  2585  2775 D RILJ    : [UNSL]< UNSOL_PHYSICAL_CHANNEL_CONFIG [{mConnectionStatus=PrimaryServing,mCellBandwidthDownlinkKhz=15000,mCellBandwidthUplinkKhz=0,mNetworkType=LTE_CA,mFrequencyRange=MID,mDownlinkChannelNumber=2147483647,mUplinkChannelNumber=2147483647,mContextIds=[0, 0, 0, 1],mPhysicalCellId=47,mBand=0,mDownlinkFrequency=0,mUplinkFrequency=0}, {mConnectionStatus=SecondaryServing,mCellBandwidthDownlinkKhz=0,mCellBandwidthUplinkKhz=0,mNetworkType=NR,mFrequencyRange=UNKNOWN,mDownlinkChannelNumber=2147483647,mUplinkChannelNumber=2147483647,mContextIds=[0],mPhysicalCellId=0,mBand=0,mDownlinkFrequency=0,mUplinkFrequency=0}] [PHONE0]
08-27 15:47:08.604  2585  2585 D RILJ    : [6409]> OPERATOR [PHONE0]
08-27 15:47:08.604  2585  2775 D RILJ    : Unsol response received; Sending ack to ril.cpp [PHONE0]
08-27 15:47:08.604  2585  2775 D RILJ    : [UNSL]< UNSOL_RESPONSE_NETWORK_STATE_CHANGED [PHONE0]
08-27 15:47:08.605  2585  2585 D RILJ    : [6411]> QUERY_NETWORK_SELECTION_MODE [PHONE0]
08-27 15:47:08.606  2585  2585 D SST     : [0] NR state changed from NOT_RESTRICTED to CONNECTED.
08-27 15:47:08.606  2585  3093 D RILJ    : [6412]> DATA_REGISTRATION_STATE [PHONE0]
08-27 15:47:08.606  2585  3093 D RILJ    : getDataRegistrationState: overrideHalVersion=null [PHONE0]
08-27 15:47:08.606  1396  1396 D RILC    : RadioImpl_1_5::getDataRegistrationState_1_5: serial 6412
08-27 15:47:08.606  2585  2585 D DefaultPhoneNotifier: notifyServiceStateForSubId: mRegistryMgr=android.telephony.TelephonyRegistryManager@713fbb3 ss={mVoiceRegState=0(IN_SERVICE), mDataRegState=0(IN_SERVICE), mChannelNumber=1775, duplexMode()=1, mCellBandwidths=[15000], mOperatorAlphaLong=SMART, mOperatorAlphaShort=SMART, isManualNetworkSelection=false(automatic), getRilVoiceRadioTechnology=14(LTE), getRilDataRadioTechnology=14(LTE), mCssIndicator=unsupported, mNetworkId=-1, mSystemId=-1, mCdmaRoamingIndicator=-1, mCdmaDefaultRoamingIndicator=-1, mIsEmergencyOnly=false, isUsingCarrierAggregation=false, mArfcnRsrpBoost=0, mNetworkRegistrationInfos=[NetworkRegistrationInfo{ domain=PS transportType=WLAN registrationState=NOT_REG_OR_SEARCHING networkRegistrationState=NOT_REG_OR_SEARCHING roamingType=NOT_ROAMING accessNetworkTechnology=IWLAN rejectCause=0 emergencyEnabled=false availableServices=[] cellIdentity=null voiceSpecificInfo=null dataSpecificInfo=null nrState=**** rRplmn= isUsingCarrierAggregation=false isNonTerrestrialNetwork=TERRESTRIAL}, NetworkRegistrationInfo{ domain=CS transportType=WWAN registrationState=HOME networkRegistrationState=HOME roamingType=NOT_ROAMING accessNetworkTechnology=LTE rejectCause=0 emergencyEnabled=false availableServices=[VOICE,SMS,VIDEO] cellIdentity=CellIdentityLte:{ mCi=30765265 mPci=47 mTac=29061 mEarfcn=1775 mBands=[3] mBandwidth=15000 mMcc=515 mMnc=03 mAlphaLong=SMART mAlphaShort=SMART mAdditionalPlmns={} mCsgInfo=null} voiceSpecificInfo=VoiceSpecificRegistrationInfo { mCssSupported=false mRoamingIndicator=0 mSystemIsInPrl=0 mDefaultRoamingIndicator=0} dataSpecificInfo=null nrState=**** rRplmn=51503 isUsingCarrierAggregation=false isNonTerrestrialNetwork=TERRESTRIAL}, NetworkRegistrationInfo{ domain=PS transportType=WWAN registrationState=HOME networkRegistrationState=HOME roamingType=NOT_ROAMING accessNetworkTechnology=LTE rejectCause=0 emergencyEnabled=false availableServices=[DATA,MMS] cellIdentity=CellIdentityLte:{ mCi=30765265 mPci=47 mTac=29061 mEarfcn=1775 mBands=[3] mBandwidth=15000 mMcc=515 mMnc=03 mAlphaLong=SMART mAlphaShort=SMART mAdditionalPlmns={} mCsgInfo=null} voiceSpecificInfo=null dataSpecificInfo=android.telephony.DataSpecificRegistrationInfo :{ maxDataCalls = 16 isDcNrRestricted = false isNrAvailable = true isEnDcAvailable = true mLteAttachResultType = 0 mLteAttachExtraInfo = 0 LteVopsSupportInfo :  mVopsSupport = 2 mEmcBearerSupport = 3 } nrState=**** rRplmn=51503 isUsingCarrierAggregation=false isNonTerrestrialNetwork=TERRESTRIAL}], mNrFrequencyRange=0, mOperatorAlphaLongRaw=SMART, mOperatorAlphaShortRaw=SMART, mIsDataRoamingFromRegistration=false, mIsIwlanPreferred=false} sender=Handler (com.android.internal.telephony.GsmCdmaPhone) {fcfa4cf} phondId=0 subId=2
08-27 15:47:08.607  2585  3093 D RILJ    : [6413]> VOICE_REGISTRATION_STATE [PHONE0]
08-27 15:47:08.607  2585  3093 D RILJ    : getVoiceRegistrationState: overrideHalVersion=null [PHONE0]
08-27 15:47:08.607  1396  1396 D RILC    : RadioImpl_1_5::getVoiceRegistrationState_1_5: serial 6413
08-27 15:47:08.607  2585  3093 D NRM-C-0 : onNetworkStateChanged
08-27 15:47:08.613 27084 27084 I viewroot_draw_event: [VRI[MainActivity],Not drawing due to not visible]
08-27 15:47:08.616 27084 27084 I wm_on_stop_called: [196640999,com.pittvandewitt.wavelet.MainActivity,STOP_ACTIVITY_ITEM,1]
08-27 15:47:08.617  1629  2720 I am_kill : [0,22695,com.android.systemui:screenshot,985,empty #17,0]
08-27 15:47:08.617  2585  2775 D RILJ    : [6399]< OPERATOR {SMART, SMART, 51503} [PHONE0]
08-27 15:47:08.618  2585  2775 D RILJ    : [6401]< QUERY_NETWORK_SELECTION_MODE {0} [PHONE0]
08-27 15:47:08.618  2585  2775 D RILJ    : [6404]< OPERATOR {SMART, SMART, 51503} [PHONE0]
08-27 15:47:08.618  2585  2775 D RILJ    : [6409]< OPERATOR {SMART, SMART, 51503} [PHONE0]
08-27 15:47:08.618  2585  2775 D RILJ    : [6406]< QUERY_NETWORK_SELECTION_MODE {0} [PHONE0]
08-27 15:47:08.618  2585  2775 D RILJ    : [6411]< QUERY_NETWORK_SELECTION_MODE {0} [PHONE0]
08-27 15:47:08.619  1629  1868 I am_unfreeze: [4905,com.android.cellbroadcastreceiver.module,3]
08-27 15:47:08.619  1629  1887 I input_focus: [Focus entering 4872011 com.android.launcher3/com.android.launcher3.uioverrides.QuickstepLauncher (server),reason=setFocusedWindow]
08-27 15:47:08.619  2585  2585 D NetworkTypeController: [0] LteConnectedState: process EVENT_PHYSICAL_CHANNEL_CONFIGS_CHANGED
08-27 15:47:08.620  2585  2585 D NetworkTypeController: [0] Ignoring physical channel config fields without an anchor NR cell, either due to LTE-only configs or an unspecified cell ID.
08-27 15:47:08.620  2585  2585 D NetworkTypeController: [0] Physical channel configs updated: anchorNrCell=-1, nrBandwidths=0, nrBands=[], configs=[{mConnectionStatus=PrimaryServing,mCellBandwidthDownlinkKhz=15000,mCellBandwidthUplinkKhz=0,mNetworkType=LTE_CA,mFrequencyRange=MID,mDownlinkChannelNumber=2147483647,mUplinkChannelNumber=2147483647,mContextIds=[0, 0, 0, 1],mPhysicalCellId=47,mBand=0,mDownlinkFrequency=0,mUplinkFrequency=0}, {mConnectionStatus=SecondaryServing,mCellBandwidthDownlinkKhz=0,mCellBandwidthUplinkKhz=0,mNetworkType=NR,mFrequencyRange=UNKNOWN,mDownlinkChannelNumber=2147483647,mUplinkChannelNumber=2147483647,mContextIds=[0],mPhysicalCellId=0,mBand=0,mDownlinkFrequency=0,mUplinkFrequency=0}]
08-27 15:47:08.620  2585  2585 D LocaleTracker-0: updateLocale: countryIso = ph, countryIsoDebugInfo = OperatorNumeric(51503): MccTable.geoCountryCodeForMccMnc("MccMnc{mcc='515', mnc='03'}")
08-27 15:47:08.620  2585  2585 D LocaleTracker-0: updateLocale: timeZoneCountryIso = ph, timeZoneCountryIsoDebugInfo = OperatorNumeric(51503): MccTable.geoCountryCodeForMccMnc("MccMnc{mcc='515', mnc='03'}")
08-27 15:47:08.620  2585  2585 D NitzStateMachineImpl: handleCountryDetected: countryIsoCode=ph, mLatestNitzSignal=NitzSignal{mReceiptElapsedMillis=PT16.912S, mNitzData=NitzData{mOriginalString=24/08/27,06:41:22+32,00, mZoneOffset=28800000, mDstOffset=0, mCurrentTimeMillis=1724740882000, mEmulatorHostTimeZone=null}, mAgeMillis=0}
08-27 15:47:08.620  2585  2585 D ImsPhone: [0] handleMessage what=83
08-27 15:47:08.620  2585  2585 D SST     : [0] pollState: modemTriggered=true, radioState=1
08-27 15:47:08.620  2585  2585 D RILJ    : [6414]> OPERATOR [PHONE0]
08-27 15:47:08.621  2585  2585 D RILJ    : [6415]> QUERY_NETWORK_SELECTION_MODE [PHONE0]
08-27 15:47:08.621  2585  2585 D DIC-0   : ServiceState updated, isRoaming=false
08-27 15:47:08.621  2585  2585 D NetworkTypeController: [0] LteConnectedState: process EVENT_SERVICE_STATE_CHANGED
